
> fossc-next@0.1.0 build
> next build

node.exe : ΓÜá Warning: Next.js 
inferred your workspace root, but it 
may not be correct.
At line:1 char:1
+ & "C:\Program Files\nodejs/node.exe" 
"C:\Program Files\nodejs/node_mo ...
+ ~~~~~~~~~~~~~~~~~~~~~~~~~~~~~~~~~~~~~~
~~~~~~~~~~~~~~~~~~~~~~~~~~~~~~~
    + CategoryInfo          : NotSpecif 
   ied: (ΓÜá Warning: Ne...not be corr  
  ect.:String) [], RemoteException
    + FullyQualifiedErrorId : NativeCom 
   mandError
 
 We detected multiple lockfiles and 
selected the directory of 
C:\Users\Shivam Kumar\package-lock.json 
as the root directory.
 To silence this warning, set 
`turbopack.root` in your Next.js 
config, or consider removing one of the 
lockfiles if it's not needed.
   See https://nextjs.org/docs/app/api-r
eference/config/next-config-js/turbopack
#root-directory for more information.
 Detected additional lockfiles: 
   * C:\Users\Shivam Kumar\OneDrive\Desk
top\FOSSC\fossc-next\package-lock.json

Γû▓ Next.js 16.1.7 (Turbopack)

  Creating an optimized production build ...
Γ£ô Compiled successfully in 1974.1ms
  Running TypeScript ...
  Collecting page data using 15 workers ...
  Generating static pages using 15 workers (0/10) ...
  Generating static pages using 15 workers (2/10) 
  Generating static pages using 15 workers (4/10) 
  Generating static pages using 15 workers (7/10) 
Γ£ô Generating static pages using 15 workers (10/10) in 824.0ms
  Finalizing page optimization ...

Route (app)
Γöî Γùï /
Γö£ Γùï /_not-found
Γö£ Γùï /about
Γö£ Γùï /faq
Γö£ Γùï /handbook
Γö£ Γùï /resources
Γö£ Γùï /shipyard
Γöö Γùï /team


Γùï  (Static)  prerendered as static content

